DEBUG 2024-07-25 18:03:04.003 UTC: 	 CRAB Client version: v3.240621
DEBUG 2024-07-25 18:03:04.004 UTC: 	 Running on: Linux cms-fe01.rcac.purdue.edu 3.10.0-1160.90.1.el7.x86_64 #1 SMP Thu May 4 15:21:22 UTC 2023 x86_64 x86_64 x86_64 GNU/Linux - CentOS Linux 7 (Core)
DEBUG 2024-07-25 18:03:04.004 UTC: 	 Executing command: 'submit'
DEBUG 2024-07-25 18:03:04.004 UTC: 	 Found CRAB cache file /home/schul105/.crab3
INFO 2024-07-25 18:03:04.005 UTC: 	 Will use CRAB configuration file crab_MCRun3_DsPhiMuNu_cfg.py
DEBUG 2024-07-25 18:03:04.005 UTC: 	 Loading CRAB configuration file.
DEBUG 2024-07-25 18:03:04.017 UTC: 	 Will use CRAB plugin ANALYSIS (i.e. will run an analysis job type).
ERROR 2024-07-25 18:03:04.017 UTC: 	 Invalid CRAB configuration: A local DBS instance 'phys03' was specified for reading an input dataset of tier MINIAODSIM.
Datasets of tier different than USER must be read from the global DBS instance; this is, set Data.inputDBS = 'global'.
If Data.inputDBS would not be specified, the default 'global' ('https://cmsweb.cern.ch/dbs/prod/global/DBSReader') would be used.
The documentation about the CRAB configuration file can be found in https://twiki.cern.ch/twiki/bin/view/CMSPublic/CRAB3ConfigurationFile
ERROR 2024-07-25 18:03:04.017 UTC: 	 Caught ClientException exception
Traceback (most recent call last):
  File "/cvmfs/cms.cern.ch/share/cms/crab-prod/v3.240621.01/bin/crab.py", line 152, in <module>
    client()
  File "/cvmfs/cms.cern.ch/share/cms/crab-prod/v3.240621.01/bin/crab.py", line 135, in __call__
    self.cmd = sub_cmd(self.logger, args[1:])
  File "/cvmfs/cms.cern.ch/share/cms/crab-prod/v3.240621.01/lib/CRABClient/Commands/submit.py", line 36, in __init__
    SubCommand.__init__(self, logger, cmdargs, disable_interspersed_args=True)
  File "/cvmfs/cms.cern.ch/share/cms/crab-prod/v3.240621.01/lib/CRABClient/Commands/SubCommand.py", line 325, in __init__
    self.loadConfig(self.options.config, self.args)
  File "/cvmfs/cms.cern.ch/share/cms/crab-prod/v3.240621.01/lib/CRABClient/Commands/SubCommand.py", line 96, in loadConfig
    raise ConfigurationException(configmsg)
CRABClient.ClientExceptions.ConfigurationException: Invalid CRAB configuration: A local DBS instance 'phys03' was specified for reading an input dataset of tier MINIAODSIM.
Datasets of tier different than USER must be read from the global DBS instance; this is, set Data.inputDBS = 'global'.
If Data.inputDBS would not be specified, the default 'global' ('https://cmsweb.cern.ch/dbs/prod/global/DBSReader') would be used.
The documentation about the CRAB configuration file can be found in https://twiki.cern.ch/twiki/bin/view/CMSPublic/CRAB3ConfigurationFile
INFO 2024-07-25 18:03:04.021 UTC: 	 Log file is /depot/cms/private/users/schul105/Tau3Mu/analysis/CMSSW_12_4_11_patch3/src/CrabSubmission/MC/SkimTau3mu/crab.log
