DEBUG 2024-07-26 14:17:05.226 UTC: 	 CRAB Client version: v3.240621
DEBUG 2024-07-26 14:17:05.227 UTC: 	 Running on: Linux cms-fe01.rcac.purdue.edu 3.10.0-1160.90.1.el7.x86_64 #1 SMP Thu May 4 15:21:22 UTC 2023 x86_64 x86_64 x86_64 GNU/Linux - CentOS Linux 7 (Core)
DEBUG 2024-07-26 14:17:05.227 UTC: 	 Executing command: 'resubmit'
DEBUG 2024-07-26 14:17:05.227 UTC: 	 Found CRAB cache file /home/schul105/.crab3
ERROR 2024-07-26 14:17:05.229 UTC: 	 Error: crab_projects/crab_SkimPhiMuNu_2022eraD-v1_stream0_Mini_v3 is not a valid CRAB project directory.
ERROR 2024-07-26 14:17:05.229 UTC: 	 Caught ClientException exception
Traceback (most recent call last):
  File "/cvmfs/cms.cern.ch/share/cms/crab-prod/v3.240621.01/bin/crab.py", line 152, in <module>
    client()
  File "/cvmfs/cms.cern.ch/share/cms/crab-prod/v3.240621.01/bin/crab.py", line 135, in __call__
    self.cmd = sub_cmd(self.logger, args[1:])
  File "/cvmfs/cms.cern.ch/share/cms/crab-prod/v3.240621.01/lib/CRABClient/Commands/resubmit.py", line 30, in __init__
    SubCommand.__init__(self, logger, cmdargs)
  File "/cvmfs/cms.cern.ch/share/cms/crab-prod/v3.240621.01/lib/CRABClient/Commands/SubCommand.py", line 280, in __init__
    SubCommand.validateOptions(self)
  File "/cvmfs/cms.cern.ch/share/cms/crab-prod/v3.240621.01/lib/CRABClient/Commands/SubCommand.py", line 680, in validateOptions
    raise ConfigurationException(msg)
CRABClient.ClientExceptions.ConfigurationException: [91mError[0m: crab_projects/crab_SkimPhiMuNu_2022eraD-v1_stream0_Mini_v3 is not a valid CRAB project directory.
INFO 2024-07-26 14:17:05.236 UTC: 	 Log file is /depot/cms/private/users/schul105/Tau3Mu/analysis/CMSSW_12_4_11_patch3/src/CrabSubmission/Data/SkimPhiMuNu/reco2022_RunD-v1/crab.log
DEBUG 2024-07-26 14:17:06.766 UTC: 	 CRAB Client version: v3.240621
DEBUG 2024-07-26 14:17:06.767 UTC: 	 Running on: Linux cms-fe01.rcac.purdue.edu 3.10.0-1160.90.1.el7.x86_64 #1 SMP Thu May 4 15:21:22 UTC 2023 x86_64 x86_64 x86_64 GNU/Linux - CentOS Linux 7 (Core)
DEBUG 2024-07-26 14:17:06.767 UTC: 	 Executing command: 'resubmit'
DEBUG 2024-07-26 14:17:06.767 UTC: 	 Found CRAB cache file /home/schul105/.crab3
ERROR 2024-07-26 14:17:06.769 UTC: 	 Error: crab_projects/crab_SkimPhiMuNu_2022eraD-v1_stream1_Mini_v3 is not a valid CRAB project directory.
ERROR 2024-07-26 14:17:06.769 UTC: 	 Caught ClientException exception
Traceback (most recent call last):
  File "/cvmfs/cms.cern.ch/share/cms/crab-prod/v3.240621.01/bin/crab.py", line 152, in <module>
    client()
  File "/cvmfs/cms.cern.ch/share/cms/crab-prod/v3.240621.01/bin/crab.py", line 135, in __call__
    self.cmd = sub_cmd(self.logger, args[1:])
  File "/cvmfs/cms.cern.ch/share/cms/crab-prod/v3.240621.01/lib/CRABClient/Commands/resubmit.py", line 30, in __init__
    SubCommand.__init__(self, logger, cmdargs)
  File "/cvmfs/cms.cern.ch/share/cms/crab-prod/v3.240621.01/lib/CRABClient/Commands/SubCommand.py", line 280, in __init__
    SubCommand.validateOptions(self)
  File "/cvmfs/cms.cern.ch/share/cms/crab-prod/v3.240621.01/lib/CRABClient/Commands/SubCommand.py", line 680, in validateOptions
    raise ConfigurationException(msg)
CRABClient.ClientExceptions.ConfigurationException: [91mError[0m: crab_projects/crab_SkimPhiMuNu_2022eraD-v1_stream1_Mini_v3 is not a valid CRAB project directory.
INFO 2024-07-26 14:17:06.771 UTC: 	 Log file is /depot/cms/private/users/schul105/Tau3Mu/analysis/CMSSW_12_4_11_patch3/src/CrabSubmission/Data/SkimPhiMuNu/reco2022_RunD-v1/crab.log
